
> landingpage@0.1.0 build
> next build

npm : ÔÜá Warning: Next.js inferred your workspace root, but it 
may not be correct.
No linha:1 caractere:1
+ npm run build > build_output.txt 2>&1
+ ~~~~~~~~~~~~~~~~~~~~~~~~~~~~~~~~~~~~~
    + CategoryInfo          : NotSpecified: (ÔÜá Warning: Ne...no 
   t be correct.:String) [], RemoteException
    + FullyQualifiedErrorId : NativeCommandError
 
 We detected multiple lockfiles and selected the directory of 
C:\Users\jonas\package-lock.json as the root directory.
 To silence this warning, set `turbopack.root` in your Next.js 
config, or consider removing one of the lockfiles if it's not 
needed.
   See https://nextjs.org/docs/app/api-reference/config/next-confi
g-js/turbopack#root-directory for more information.
 Detected additional lockfiles: 
   * C:\Users\jonas\Documents\ESTRUTURA DECOLA\Funil 
Goals\landingpage\package-lock.json

Ôû▓ Next.js 16.2.1 (Turbopack)

  Creating an optimized production build ...
Ô£ô Compiled successfully in 6.7s
  Running TypeScript ...
Failed to type check.

./dist-v1/dev/types/validator.ts:42:39
Type error: Cannot find module '../../../src/app/page.js' or its 
corresponding type declarations.

  [90m40 |[0m {
  [90m41 |[0m   [36mtype[0m __IsExpected<[33mSpecific[0m 
[36mextends[0m [33mAppPageConfig[0m<[32m"/"[0m>> = 
[33mSpecific[0m
[31m[1m>[0m [90m42 |[0m   [36mconst[0m handler = {} 
[36mas[0m [36mtypeof[0m 
[36mimport[0m([32m"../../../src/app/page.js"[0m)
  [90m   |[0m                                       
[31m[1m^[0m
  [90m43 |[0m   [36mtype[0m __Check = 
__IsExpected<[36mtypeof[0m handler>
  [90m44 |[0m   [90m// @ts-ignore[0m
  [90m45 |[0m   [36mtype[0m __Unused = __Check
Next.js build worker exited with code: 1 and signal: null
